ipgen_gui_set_spin_box_text IP_Generator FIN_DISP 100.00
ipgen_gui_set_spin_box_text IP_Generator SSC_FREQUENCY_DISP 30
ipgen_gui_set_spin_box_text IP_Generator CLOCK_DIVISION_FACTOR_SET_DISP 1
ipgen_gui_set_spin_box_text IP_Generator CLOCK_MULT_FACTOR_SET_DISP 1
ipgen_gui_set_spin_box_text IP_Generator CLK0_REQUEST_FREQ_DISP 100.00
ipgen_gui_set_spin_box_text IP_Generator CLK0_DIVISION_FACTOR_SET_DISP 12
ipgen_gui_set_spin_box_text IP_Generator CLK0_REQUEST_DUTY_CYCLE 50.00
ipgen_gui_set_spin_box_text IP_Generator CLK1_REQUEST_FREQ_DISP 100.00
ipgen_gui_set_spin_box_text IP_Generator CLK1_DIVISION_FACTOR_SET_DISP 12
ipgen_gui_set_spin_box_text IP_Generator CLK1_REQUEST_DUTY_CYCLE 50.00
ipgen_gui_set_spin_box_text IP_Generator CLK2_REQUEST_FREQ_DISP 100.00
ipgen_gui_set_spin_box_text IP_Generator CLK2_DIVISION_FACTOR_SET_DISP 12
ipgen_gui_set_spin_box_text IP_Generator CLK2_REQUEST_DUTY_CYCLE 50.00
ipgen_gui_set_spin_box_text IP_Generator CLK3_REQUEST_FREQ_DISP 100.00
ipgen_gui_set_spin_box_text IP_Generator CLK3_DIVISION_FACTOR_SET_DISP 12
ipgen_gui_set_spin_box_text IP_Generator CLK3_REQUEST_DUTY_CYCLE 50.00
ipgen_gui_set_spin_box_text IP_Generator CLK4_REQUEST_FREQ_DISP 100.00
ipgen_gui_set_spin_box_text IP_Generator CLK4_DIVISION_FACTOR_SET_DISP 12
ipgen_gui_set_spin_box_text IP_Generator CLK4_REQUEST_DUTY_CYCLE 50.00
ipgen_gui_set_spin_box_text IP_Generator CLK5_REQUEST_FREQ_DISP 100.00
ipgen_gui_set_spin_box_text IP_Generator CLK5_DIVISION_FACTOR_SET_DISP 12
ipgen_gui_set_spin_box_text IP_Generator CLK5_REQUEST_DUTY_CYCLE 50.00
ipgen_gui_set_spin_box_text IP_Generator CLK6_REQUEST_FREQ_DISP 100.00
ipgen_gui_set_spin_box_text IP_Generator CLK6_DIVISION_FACTOR_SET_DISP 12
ipgen_gui_set_spin_box_text IP_Generator CLK6_REQUEST_DUTY_CYCLE 50.00
ipgen_gui_set_spin_box_text IP_Generator FIN_DISP 25.000000000
ipgen_gui_set_spin_box_text IP_Generator CLOCK_MULT_FACTOR_SET_DISP 4
ipgen_gui_set_spin_box_text IP_Generator CLK1_REQUEST_FREQ_DISP 24.000000
ipgen_gui_set_spin_box_text IP_Generator CLK2_REQUEST_FREQ_DISP 52.173913
ipgen_gui_set_spin_box_text IP_Generator CLK3_REQUEST_FREQ_DISP 10.000000
ipgen_gui_set_spin_box_text IP_Generator CLK1_DIVISION_FACTOR_SET_DISP 50
ipgen_gui_set_spin_box_text IP_Generator CLK2_DIVISION_FACTOR_SET_DISP 23
ipgen_gui_set_spin_box_text IP_Generator CLK3_DIVISION_FACTOR_SET_DISP 120
ipgen_gui_select_window IP_Generator
ipgen_gui_close_window IP_Generator
