============================================================
   Tang Dynasty, V6.2.175876
   Copyright (c) 2012-2025 Anlogic Inc.
   Executable = D:/TD_6.2.1_Release_6.2.175.876/bin/td.exe
   Built at =   14:07:58 Sep  4 2025
   Run by =     admin
   Run Date =   Mon Oct  5 22:02:49 2026

   Run on =     DESKTOP-F79OV02
============================================================
RUN-1002 : start command "import_db E:/FPGA/MinecraftDog/mcproject_code/MinecraftDog_FPGA_Runs/phy_1/MinecraftDog_FPGA_pr.db"
RUN-1001 : Importing database generated by Tang Dynasty, V6.2.175876.
RUN-1001 : Database version number 46207
RUN-1001 : Import flow parameters
RUN-1001 : Import netlist
RUN-1001 : Constructing routing connections ...
PHY-1001 : End build routing graph; 3.425164s wall, 9.000000s user + 0.250000s system = 9.250000s CPU (270.1%)

RUN-1001 : Import phy database
RUN-1001 : Import timing constraints
RUN-1001 : Import IO constraints
RUN-1001 : Import Inst constraints
RUN-1001 : Import ChipWatcher
RUN-1001 : Import design success TD_VERSION=6.2.175876 , DB_VERSION=46207
RUN-1003 : finish command "import_db E:/FPGA/MinecraftDog/mcproject_code/MinecraftDog_FPGA_Runs/phy_1/MinecraftDog_FPGA_pr.db" in  5.476232s wall, 10.375000s user + 0.437500s system = 10.812500s CPU (197.4%)

RUN-1004 : used memory is 1198 MB, reserved memory is 1149 MB, peak memory is 1237 MB
PRJ-1412 : reset_run syn_1.
PRJ-1411 : launch_runs syn_1 -step opt_gate.
PRJ-1412 : reset_run phy_1.
PRJ-1410 : Run syn_1 success.
RUN-1002 : start command "save_best_bits"
RUN-1002 : start command "import_db E:/FPGA/MinecraftDog/mcproject_code/MinecraftDog_FPGA_Runs/syn_1/MinecraftDog_FPGA_gate.db"
RUN-1001 : Importing database generated by Tang Dynasty, V6.2.175876.
RUN-1001 : Database version number 46207
RUN-1001 : Import flow parameters
RUN-1001 : Import netlist
RUN-1001 : Import timing constraints
RUN-1001 : Import IO constraints
RUN-1001 : Import Inst constraints
RUN-1001 : Import ChipWatcher
RUN-1001 : Import design success TD_VERSION=6.2.175876 , DB_VERSION=46207
RUN-1003 : finish command "import_db E:/FPGA/MinecraftDog/mcproject_code/MinecraftDog_FPGA_Runs/syn_1/MinecraftDog_FPGA_gate.db" in  1.465910s wall, 1.234375s user + 0.171875s system = 1.406250s CPU (95.9%)

RUN-1004 : used memory is 809 MB, reserved memory is 750 MB, peak memory is 1455 MB
PRJ-1411 : launch_runs phy_1 -step bitgen.
PRJ-1410 : Run phy_1 success.
RUN-1002 : start command "save_best_bits"
PRJ-1424 : The implemented result of phy_1 is saved as best result.
RUN-1002 : start command "import_db E:/FPGA/MinecraftDog/mcproject_code/MinecraftDog_FPGA_Runs/phy_1/MinecraftDog_FPGA_pr.db"
RUN-1001 : Importing database generated by Tang Dynasty, V6.2.175876.
RUN-1001 : Database version number 46207
RUN-1001 : Import flow parameters
RUN-1001 : Import netlist
RUN-1001 : Constructing routing connections ...
PHY-1001 : End build routing graph; 1.532184s wall, 5.515625s user + 0.031250s system = 5.546875s CPU (362.0%)

RUN-1001 : Import phy database
RUN-1001 : Import timing constraints
RUN-1001 : Import IO constraints
RUN-1001 : Import Inst constraints
RUN-1001 : Import ChipWatcher
RUN-1001 : Import design success TD_VERSION=6.2.175876 , DB_VERSION=46207
RUN-1003 : finish command "import_db E:/FPGA/MinecraftDog/mcproject_code/MinecraftDog_FPGA_Runs/phy_1/MinecraftDog_FPGA_pr.db" in  3.505759s wall, 6.812500s user + 0.250000s system = 7.062500s CPU (201.5%)

RUN-1004 : used memory is 1108 MB, reserved memory is 1055 MB, peak memory is 1455 MB
