============================================================
   Tang Dynasty, V6.2.175876
   Copyright (c) 2012-2025 Anlogic Inc.
   Executable = D:/TD_6.2.1_Release_6.2.175.876/bin/td.exe
   Built at =   14:07:58 Sep  4 2025
   Run by =     admin
   Run Date =   Mon Oct  5 17:09:09 2026

   Run on =     DESKTOP-F79OV02
============================================================
RUN-1002 : start command "import_db E:/FPGA/MinecraftDog/mcproject_code/MinecraftDog_FPGA_Runs/syn_1/MinecraftDog_FPGA_elaborate.db"
RUN-1001 : Importing database generated by Tang Dynasty, V6.2.175876.
RUN-1001 : Database version number 46207
RUN-1001 : Import flow parameters
RUN-1001 : Import netlist
RUN-1001 : Import timing constraints
RUN-1001 : Import IO constraints
RUN-1001 : Import Inst constraints
RUN-1001 : Import ChipWatcher
RUN-1001 : Import design success TD_VERSION=6.2.175876 , DB_VERSION=46207
PRJ-1412 : reset_run syn_1.
PRJ-1411 : launch_runs syn_1 -step opt_gate.
PRJ-1412 : reset_run phy_1.
PRJ-1410 : Run syn_1 success.
RUN-1002 : start command "save_best_bits"
RUN-1002 : start command "import_db E:/FPGA/MinecraftDog/mcproject_code/MinecraftDog_FPGA_Runs/syn_1/MinecraftDog_FPGA_gate.db"
RUN-1001 : Importing database generated by Tang Dynasty, V6.2.175876.
RUN-1001 : Database version number 46207
RUN-1001 : Import flow parameters
RUN-1001 : Import netlist
RUN-1001 : Import timing constraints
RUN-1001 : Import IO constraints
RUN-1001 : Import Inst constraints
RUN-1001 : Import ChipWatcher
RUN-1001 : Import design success TD_VERSION=6.2.175876 , DB_VERSION=46207
RUN-1003 : finish command "import_db E:/FPGA/MinecraftDog/mcproject_code/MinecraftDog_FPGA_Runs/syn_1/MinecraftDog_FPGA_gate.db" in  2.370816s wall, 2.531250s user + 0.500000s system = 3.031250s CPU (127.9%)

RUN-1004 : used memory is 795 MB, reserved memory is 737 MB, peak memory is 860 MB
PRJ-1411 : launch_runs phy_1 -step bitgen.
PRJ-1410 : Run phy_1 success.
RUN-1002 : start command "save_best_bits"
PRJ-1424 : The implemented result of phy_1 is saved as best result.
RUN-1002 : start command "import_db E:/FPGA/MinecraftDog/mcproject_code/MinecraftDog_FPGA_Runs/phy_1/MinecraftDog_FPGA_pr.db"
RUN-1001 : Importing database generated by Tang Dynasty, V6.2.175876.
RUN-1001 : Database version number 46207
RUN-1001 : Import flow parameters
RUN-1001 : Import netlist
RUN-1001 : Constructing routing connections ...
PHY-1001 : End build routing graph; 2.316458s wall, 5.265625s user + 0.406250s system = 5.671875s CPU (244.9%)

RUN-1001 : Import phy database
RUN-1001 : Import timing constraints
RUN-1001 : Import IO constraints
RUN-1001 : Import Inst constraints
RUN-1001 : Import ChipWatcher
RUN-1001 : Import design success TD_VERSION=6.2.175876 , DB_VERSION=46207
RUN-1003 : finish command "import_db E:/FPGA/MinecraftDog/mcproject_code/MinecraftDog_FPGA_Runs/phy_1/MinecraftDog_FPGA_pr.db" in  4.596195s wall, 6.828125s user + 0.546875s system = 7.375000s CPU (160.5%)

RUN-1004 : used memory is 1240 MB, reserved memory is 1193 MB, peak memory is 1278 MB
