============================================================
   Tang Dynasty, V6.2.175876
   Copyright (c) 2012-2025 Anlogic Inc.
   Executable = D:/TD_6.2.1_Release_6.2.175.876/bin/td.exe
   Built at =   14:07:58 Sep  4 2025
   Run by =     admin
   Run Date =   Mon Oct  5 13:18:09 2026

   Run on =     DESKTOP-F79OV02
============================================================
RUN-1002 : start command "import_db E:/FPGA/MinecraftDog/mcproject_code/MinecraftDog_FPGA_Runs/phy_1/MinecraftDog_FPGA_pr.db"
RUN-1001 : Importing database generated by Tang Dynasty, V6.2.175876.
RUN-1001 : Database version number 46207
RUN-1001 : Import flow parameters
RUN-1001 : Import netlist
RUN-1001 : Constructing routing connections ...
PHY-1001 : End build routing graph; 2.531551s wall, 5.968750s user + 0.406250s system = 6.375000s CPU (251.8%)

RUN-1001 : Import phy database
RUN-1001 : Import timing constraints
RUN-1001 : Import IO constraints
RUN-1001 : Import Inst constraints
RUN-1001 : Import ChipWatcher
RUN-1001 : Import design success TD_VERSION=6.2.175876 , DB_VERSION=46207
RUN-1003 : finish command "import_db E:/FPGA/MinecraftDog/mcproject_code/MinecraftDog_FPGA_Runs/phy_1/MinecraftDog_FPGA_pr.db" in  2.563613s wall, 6.015625s user + 0.421875s system = 6.437500s CPU (251.1%)

RUN-1004 : used memory is 684 MB, reserved memory is 648 MB, peak memory is 692 MB
PRJ-1412 : reset_run syn_1.
PRJ-1411 : launch_runs syn_1 -step opt_gate.
PRJ-1412 : reset_run phy_1.
PRJ-8818 ERROR: launch run phy_1 to step bitgen failed.
RUN-1002 : start command "save_best_bits"
PRJ-5303 WARNING: Run syn_1 failed.
RUN-1002 : start command "import_db E:/FPGA/MinecraftDog/mcproject_code/MinecraftDog_FPGA_Runs/syn_1/MinecraftDog_FPGA_elaborate.db"
RUN-1001 : Importing database generated by Tang Dynasty, V6.2.175876.
RUN-1001 : Database version number 46207
RUN-1001 : Import flow parameters
RUN-1001 : Import netlist
RUN-1001 : Import timing constraints
RUN-1001 : Import IO constraints
RUN-1001 : Import Inst constraints
RUN-1001 : Import ChipWatcher
RUN-1001 : Import design success TD_VERSION=6.2.175876 , DB_VERSION=46207
