============================================================
   Tang Dynasty, V6.2.175876
   Copyright (c) 2012-2025 Anlogic Inc.
   Executable = D:/TD_6.2.1_Release_6.2.175.876/bin/td.exe
   Built at =   14:07:58 Sep  4 2025
   Run by =     admin
   Run Date =   Fri Oct  2 22:38:28 2026

   Run on =     DESKTOP-F79OV02
============================================================
RUN-1002 : start command "import_db E:/FPGA/MinecraftDog/mcproject_code/MinecraftDog_FPGA_Runs/phy_1/MinecraftDog_FPGA_pr.db"
RUN-1001 : Importing database generated by Tang Dynasty, V6.2.175876.
RUN-1001 : Database version number 46207
RUN-1001 : Import flow parameters
RUN-1001 : Import netlist
RUN-1001 : Constructing routing connections ...
PHY-1001 : End build routing graph; 3.179709s wall, 5.843750s user + 0.453125s system = 6.296875s CPU (198.0%)

RUN-1001 : Import phy database
RUN-1001 : Import timing constraints
RUN-1001 : Import IO constraints
RUN-1001 : Import Inst constraints
RUN-1001 : Import ChipWatcher
RUN-1001 : Import design success TD_VERSION=6.2.175876 , DB_VERSION=46207
RUN-1003 : finish command "import_db E:/FPGA/MinecraftDog/mcproject_code/MinecraftDog_FPGA_Runs/phy_1/MinecraftDog_FPGA_pr.db" in  3.214217s wall, 5.906250s user + 0.468750s system = 6.375000s CPU (198.3%)

RUN-1004 : used memory is 680 MB, reserved memory is 643 MB, peak memory is 688 MB
