============================================================
   Tang Dynasty, V6.2.175876
   Copyright (c) 2012-2025 Anlogic Inc.
   Executable = D:/TD_6.2.1_Release_6.2.175.876/bin/td.exe
   Built at =   14:07:58 Sep  4 2025
   Run by =     admin
   Run Date =   Fri Oct  2 19:54:16 2026

   Run on =     DESKTOP-F79OV02
============================================================
PRJ-1411 : launch_runs syn_1 -step opt_gate.
PRJ-1412 : reset_run phy_1.
RUN-1002 : start command "save_best_bits"
PRJ-1410 : Run syn_1 success.
RUN-1002 : start command "import_db E:/FPGA/MinecraftDog/mcproject_code/MinecraftDog_FPGA_Runs/syn_1/MinecraftDog_FPGA_gate.db"
RUN-1001 : Importing database generated by Tang Dynasty, V6.2.175876.
RUN-1001 : Database version number 46207
RUN-1001 : Import flow parameters
RUN-1001 : Import netlist
RUN-1001 : Import timing constraints
RUN-1001 : Import IO constraints
RUN-1001 : Import Inst constraints
RUN-1001 : Import ChipWatcher
RUN-1001 : Import design success TD_VERSION=6.2.175876 , DB_VERSION=46207
PRJ-1411 : launch_runs phy_1 -step bitgen.
PRJ-1410 : Run phy_1 success.
RUN-1002 : start command "save_best_bits"
PRJ-1424 : The implemented result of phy_1 is saved as best result.
RUN-1002 : start command "import_db E:/FPGA/MinecraftDog/mcproject_code/MinecraftDog_FPGA_Runs/phy_1/MinecraftDog_FPGA_pr.db"
RUN-1001 : Importing database generated by Tang Dynasty, V6.2.175876.
RUN-1001 : Database version number 46207
RUN-1001 : Import flow parameters
RUN-1001 : Import netlist
RUN-1001 : Constructing routing connections ...
PHY-1001 : End build routing graph; 2.281998s wall, 5.609375s user + 0.234375s system = 5.843750s CPU (256.1%)

RUN-1001 : Import phy database
RUN-1001 : Import timing constraints
RUN-1001 : Import IO constraints
RUN-1001 : Import Inst constraints
RUN-1001 : Import ChipWatcher
RUN-1001 : Import design success TD_VERSION=6.2.175876 , DB_VERSION=46207
RUN-1003 : finish command "import_db E:/FPGA/MinecraftDog/mcproject_code/MinecraftDog_FPGA_Runs/phy_1/MinecraftDog_FPGA_pr.db" in  2.312315s wall, 5.640625s user + 0.250000s system = 5.890625s CPU (254.8%)

RUN-1004 : used memory is 654 MB, reserved memory is 616 MB, peak memory is 662 MB
