
**** Build of configuration 'Debug' for project 'MinecraftDog_mspm0' ****

/Applications/ti/ccs2100/ccs/utils/bin/gmake -k -j 13 all -r -O 
 
SysConfig - building file: "../empty.syscfg"
"/Applications/ti/ccs2100/ccs/utils/sysconfig_1.28.0/sysconfig_cli.sh" -s "/Applications/ti/mspm0_sdk_2_10_00_04/.metadata/product.json" -s "/Applications/ti/mspm0_sdk_2_10_00_04/.metadata/product.json" --script "/Users/sherlockdarwin/workspace_ccstheia/MinecraftDog_mspm0/empty.syscfg" -o "." --compiler ticlang
Running script...
Validating...
info: /ti/driverlib/SYSCTL: For best practices when the CPUCLK is running at 32MHz and above, clear the flash status bit using DL_FlashCTL_executeClearStatus() before executing any flash operation. Otherwise there may be false positives.
info: UART_fpgaMLK(/ti/driverlib/UART) DMA_CHANNEL_RX.channelID: Currently using a Full Channel.
info: PWM_0(/ti/driverlib/PWM): Peripheral does not retain register contents in STOP or STANDBY modes. User should take care to save and restore register configuration in application. See Retention Configuration section for more details.
info: TIMER_1ms(/ti/driverlib/TIMER): Peripheral does not retain register contents in STOP or STANDBY modes. User should take care to save and restore register configuration in application. See Retention Configuration section for more details.
info: UART_fpgaMLK(/ti/driverlib/UART): Peripheral does not retain register contents in STOP or STANDBY modes. User should take care to save and restore register configuration in application. See Retention Configuration section for more details.
Generating Code (empty.syscfg)...
Writing /Users/sherlockdarwin/workspace_ccstheia/MinecraftDog_mspm0/Debug/device_linker.cmd...
Writing /Users/sherlockdarwin/workspace_ccstheia/MinecraftDog_mspm0/Debug/device.opt...
Writing /Users/sherlockdarwin/workspace_ccstheia/MinecraftDog_mspm0/Debug/device.cmd.genlibs...
Writing /Users/sherlockdarwin/workspace_ccstheia/MinecraftDog_mspm0/Debug/ti_msp_dl_config.c...
Writing /Users/sherlockdarwin/workspace_ccstheia/MinecraftDog_mspm0/Debug/ti_msp_dl_config.h...
Writing /Users/sherlockdarwin/workspace_ccstheia/MinecraftDog_mspm0/Debug/Event.dot...
Finished building: "../empty.syscfg"
 
Arm Compiler - building file: "../HARDWARE/MLK/fpgamlk.c"
"/Applications/ti/ccs2100/ccs/tools/compiler/ti-cgt-armllvm_5.1.1.LTS/bin/tiarmclang" -c @"device.opt"  -march=thumbv6m -mcpu=cortex-m0plus -mfloat-abi=soft -mlittle-endian -mthumb -O2 -I"/Users/sherlockdarwin/workspace_ccstheia/MinecraftDog_mspm0/HARDWARE/OLED" -I"/Users/sherlockdarwin/workspace_ccstheia/MinecraftDog_mspm0/HARDWARE/UWB" -I"/Users/sherlockdarwin/workspace_ccstheia/MinecraftDog_mspm0/HARDWARE/MOTOR" -I"/Users/sherlockdarwin/workspace_ccstheia/MinecraftDog_mspm0/HARDWARE" -I"/Users/sherlockdarwin/workspace_ccstheia/MinecraftDog_mspm0/SYSTEM" -I"/Users/sherlockdarwin/workspace_ccstheia/MinecraftDog_mspm0" -I"/Users/sherlockdarwin/workspace_ccstheia/MinecraftDog_mspm0/Debug" -I"/Applications/ti/mspm0_sdk_2_10_00_04/source/third_party/CMSIS/Core/Include" -I"/Applications/ti/mspm0_sdk_2_10_00_04/source" -gdwarf-3 -Wall -MMD -MP -MF"HARDWARE/MLK/fpgamlk.d_raw" -MT"HARDWARE/MLK/fpgamlk.o"  @"./device.opt"  -o"HARDWARE/MLK/fpgamlk.o" "../HARDWARE/MLK/fpgamlk.c"
Finished building: "../HARDWARE/MLK/fpgamlk.c"
 
Arm Compiler - building file: "/Applications/ti/mspm0_sdk_2_10_00_04/source/ti/devices/msp/m0p/startup_system_files/ticlang/startup_mspm0g350x_ticlang.c"
"/Applications/ti/ccs2100/ccs/tools/compiler/ti-cgt-armllvm_5.1.1.LTS/bin/tiarmclang" -c @"device.opt"  -march=thumbv6m -mcpu=cortex-m0plus -mfloat-abi=soft -mlittle-endian -mthumb -O2 -I"/Users/sherlockdarwin/workspace_ccstheia/MinecraftDog_mspm0/HARDWARE/OLED" -I"/Users/sherlockdarwin/workspace_ccstheia/MinecraftDog_mspm0/HARDWARE/UWB" -I"/Users/sherlockdarwin/workspace_ccstheia/MinecraftDog_mspm0/HARDWARE/MOTOR" -I"/Users/sherlockdarwin/workspace_ccstheia/MinecraftDog_mspm0/HARDWARE" -I"/Users/sherlockdarwin/workspace_ccstheia/MinecraftDog_mspm0/SYSTEM" -I"/Users/sherlockdarwin/workspace_ccstheia/MinecraftDog_mspm0" -I"/Users/sherlockdarwin/workspace_ccstheia/MinecraftDog_mspm0/Debug" -I"/Applications/ti/mspm0_sdk_2_10_00_04/source/third_party/CMSIS/Core/Include" -I"/Applications/ti/mspm0_sdk_2_10_00_04/source" -gdwarf-3 -Wall -MMD -MP -MF"startup_mspm0g350x_ticlang.d_raw" -MT"startup_mspm0g350x_ticlang.o"  @"./device.opt"  -o"startup_mspm0g350x_ticlang.o" "/Applications/ti/mspm0_sdk_2_10_00_04/source/ti/devices/msp/m0p/startup_system_files/ticlang/startup_mspm0g350x_ticlang.c"
Finished building: "/Applications/ti/mspm0_sdk_2_10_00_04/source/ti/devices/msp/m0p/startup_system_files/ticlang/startup_mspm0g350x_ticlang.c"
 
Arm Compiler - building file: "../empty.c"
"/Applications/ti/ccs2100/ccs/tools/compiler/ti-cgt-armllvm_5.1.1.LTS/bin/tiarmclang" -c @"device.opt"  -march=thumbv6m -mcpu=cortex-m0plus -mfloat-abi=soft -mlittle-endian -mthumb -O2 -I"/Users/sherlockdarwin/workspace_ccstheia/MinecraftDog_mspm0/HARDWARE/OLED" -I"/Users/sherlockdarwin/workspace_ccstheia/MinecraftDog_mspm0/HARDWARE/UWB" -I"/Users/sherlockdarwin/workspace_ccstheia/MinecraftDog_mspm0/HARDWARE/MOTOR" -I"/Users/sherlockdarwin/workspace_ccstheia/MinecraftDog_mspm0/HARDWARE" -I"/Users/sherlockdarwin/workspace_ccstheia/MinecraftDog_mspm0/SYSTEM" -I"/Users/sherlockdarwin/workspace_ccstheia/MinecraftDog_mspm0" -I"/Users/sherlockdarwin/workspace_ccstheia/MinecraftDog_mspm0/Debug" -I"/Applications/ti/mspm0_sdk_2_10_00_04/source/third_party/CMSIS/Core/Include" -I"/Applications/ti/mspm0_sdk_2_10_00_04/source" -gdwarf-3 -Wall -MMD -MP -MF"empty.d_raw" -MT"empty.o"  @"./device.opt"  -o"empty.o" "../empty.c"
Finished building: "../empty.c"
 
Arm Compiler - building file: "../SYSTEM/bsp.c"
"/Applications/ti/ccs2100/ccs/tools/compiler/ti-cgt-armllvm_5.1.1.LTS/bin/tiarmclang" -c @"device.opt"  -march=thumbv6m -mcpu=cortex-m0plus -mfloat-abi=soft -mlittle-endian -mthumb -O2 -I"/Users/sherlockdarwin/workspace_ccstheia/MinecraftDog_mspm0/HARDWARE/OLED" -I"/Users/sherlockdarwin/workspace_ccstheia/MinecraftDog_mspm0/HARDWARE/UWB" -I"/Users/sherlockdarwin/workspace_ccstheia/MinecraftDog_mspm0/HARDWARE/MOTOR" -I"/Users/sherlockdarwin/workspace_ccstheia/MinecraftDog_mspm0/HARDWARE" -I"/Users/sherlockdarwin/workspace_ccstheia/MinecraftDog_mspm0/SYSTEM" -I"/Users/sherlockdarwin/workspace_ccstheia/MinecraftDog_mspm0" -I"/Users/sherlockdarwin/workspace_ccstheia/MinecraftDog_mspm0/Debug" -I"/Applications/ti/mspm0_sdk_2_10_00_04/source/third_party/CMSIS/Core/Include" -I"/Applications/ti/mspm0_sdk_2_10_00_04/source" -gdwarf-3 -Wall -MMD -MP -MF"SYSTEM/bsp.d_raw" -MT"SYSTEM/bsp.o"  @"./device.opt"  -o"SYSTEM/bsp.o" "../SYSTEM/bsp.c"
Finished building: "../SYSTEM/bsp.c"
 
Arm Compiler - building file: "../SYSTEM/delay.c"
"/Applications/ti/ccs2100/ccs/tools/compiler/ti-cgt-armllvm_5.1.1.LTS/bin/tiarmclang" -c @"device.opt"  -march=thumbv6m -mcpu=cortex-m0plus -mfloat-abi=soft -mlittle-endian -mthumb -O2 -I"/Users/sherlockdarwin/workspace_ccstheia/MinecraftDog_mspm0/HARDWARE/OLED" -I"/Users/sherlockdarwin/workspace_ccstheia/MinecraftDog_mspm0/HARDWARE/UWB" -I"/Users/sherlockdarwin/workspace_ccstheia/MinecraftDog_mspm0/HARDWARE/MOTOR" -I"/Users/sherlockdarwin/workspace_ccstheia/MinecraftDog_mspm0/HARDWARE" -I"/Users/sherlockdarwin/workspace_ccstheia/MinecraftDog_mspm0/SYSTEM" -I"/Users/sherlockdarwin/workspace_ccstheia/MinecraftDog_mspm0" -I"/Users/sherlockdarwin/workspace_ccstheia/MinecraftDog_mspm0/Debug" -I"/Applications/ti/mspm0_sdk_2_10_00_04/source/third_party/CMSIS/Core/Include" -I"/Applications/ti/mspm0_sdk_2_10_00_04/source" -gdwarf-3 -Wall -MMD -MP -MF"SYSTEM/delay.d_raw" -MT"SYSTEM/delay.o"  @"./device.opt"  -o"SYSTEM/delay.o" "../SYSTEM/delay.c"
Finished building: "../SYSTEM/delay.c"
 
Arm Compiler - building file: "../HARDWARE/KEY/key.c"
"/Applications/ti/ccs2100/ccs/tools/compiler/ti-cgt-armllvm_5.1.1.LTS/bin/tiarmclang" -c @"device.opt"  -march=thumbv6m -mcpu=cortex-m0plus -mfloat-abi=soft -mlittle-endian -mthumb -O2 -I"/Users/sherlockdarwin/workspace_ccstheia/MinecraftDog_mspm0/HARDWARE/OLED" -I"/Users/sherlockdarwin/workspace_ccstheia/MinecraftDog_mspm0/HARDWARE/UWB" -I"/Users/sherlockdarwin/workspace_ccstheia/MinecraftDog_mspm0/HARDWARE/MOTOR" -I"/Users/sherlockdarwin/workspace_ccstheia/MinecraftDog_mspm0/HARDWARE" -I"/Users/sherlockdarwin/workspace_ccstheia/MinecraftDog_mspm0/SYSTEM" -I"/Users/sherlockdarwin/workspace_ccstheia/MinecraftDog_mspm0" -I"/Users/sherlockdarwin/workspace_ccstheia/MinecraftDog_mspm0/Debug" -I"/Applications/ti/mspm0_sdk_2_10_00_04/source/third_party/CMSIS/Core/Include" -I"/Applications/ti/mspm0_sdk_2_10_00_04/source" -gdwarf-3 -Wall -MMD -MP -MF"HARDWARE/KEY/key.d_raw" -MT"HARDWARE/KEY/key.o"  @"./device.opt"  -o"HARDWARE/KEY/key.o" "../HARDWARE/KEY/key.c"
Finished building: "../HARDWARE/KEY/key.c"
 
Arm Compiler - building file: "../ALGORITHM/follow.c"
"/Applications/ti/ccs2100/ccs/tools/compiler/ti-cgt-armllvm_5.1.1.LTS/bin/tiarmclang" -c @"device.opt"  -march=thumbv6m -mcpu=cortex-m0plus -mfloat-abi=soft -mlittle-endian -mthumb -O2 -I"/Users/sherlockdarwin/workspace_ccstheia/MinecraftDog_mspm0/HARDWARE/OLED" -I"/Users/sherlockdarwin/workspace_ccstheia/MinecraftDog_mspm0/HARDWARE/UWB" -I"/Users/sherlockdarwin/workspace_ccstheia/MinecraftDog_mspm0/HARDWARE/MOTOR" -I"/Users/sherlockdarwin/workspace_ccstheia/MinecraftDog_mspm0/HARDWARE" -I"/Users/sherlockdarwin/workspace_ccstheia/MinecraftDog_mspm0/SYSTEM" -I"/Users/sherlockdarwin/workspace_ccstheia/MinecraftDog_mspm0" -I"/Users/sherlockdarwin/workspace_ccstheia/MinecraftDog_mspm0/Debug" -I"/Applications/ti/mspm0_sdk_2_10_00_04/source/third_party/CMSIS/Core/Include" -I"/Applications/ti/mspm0_sdk_2_10_00_04/source" -gdwarf-3 -Wall -MMD -MP -MF"ALGORITHM/follow.d_raw" -MT"ALGORITHM/follow.o"  @"./device.opt"  -o"ALGORITHM/follow.o" "../ALGORITHM/follow.c"
Finished building: "../ALGORITHM/follow.c"
 
Arm Compiler - building file: "../HARDWARE/MOTOR/encoder.c"
"/Applications/ti/ccs2100/ccs/tools/compiler/ti-cgt-armllvm_5.1.1.LTS/bin/tiarmclang" -c @"device.opt"  -march=thumbv6m -mcpu=cortex-m0plus -mfloat-abi=soft -mlittle-endian -mthumb -O2 -I"/Users/sherlockdarwin/workspace_ccstheia/MinecraftDog_mspm0/HARDWARE/OLED" -I"/Users/sherlockdarwin/workspace_ccstheia/MinecraftDog_mspm0/HARDWARE/UWB" -I"/Users/sherlockdarwin/workspace_ccstheia/MinecraftDog_mspm0/HARDWARE/MOTOR" -I"/Users/sherlockdarwin/workspace_ccstheia/MinecraftDog_mspm0/HARDWARE" -I"/Users/sherlockdarwin/workspace_ccstheia/MinecraftDog_mspm0/SYSTEM" -I"/Users/sherlockdarwin/workspace_ccstheia/MinecraftDog_mspm0" -I"/Users/sherlockdarwin/workspace_ccstheia/MinecraftDog_mspm0/Debug" -I"/Applications/ti/mspm0_sdk_2_10_00_04/source/third_party/CMSIS/Core/Include" -I"/Applications/ti/mspm0_sdk_2_10_00_04/source" -gdwarf-3 -Wall -MMD -MP -MF"HARDWARE/MOTOR/encoder.d_raw" -MT"HARDWARE/MOTOR/encoder.o"  @"./device.opt"  -o"HARDWARE/MOTOR/encoder.o" "../HARDWARE/MOTOR/encoder.c"
Finished building: "../HARDWARE/MOTOR/encoder.c"
 
Arm Compiler - building file: "../task.c"
"/Applications/ti/ccs2100/ccs/tools/compiler/ti-cgt-armllvm_5.1.1.LTS/bin/tiarmclang" -c @"device.opt"  -march=thumbv6m -mcpu=cortex-m0plus -mfloat-abi=soft -mlittle-endian -mthumb -O2 -I"/Users/sherlockdarwin/workspace_ccstheia/MinecraftDog_mspm0/HARDWARE/OLED" -I"/Users/sherlockdarwin/workspace_ccstheia/MinecraftDog_mspm0/HARDWARE/UWB" -I"/Users/sherlockdarwin/workspace_ccstheia/MinecraftDog_mspm0/HARDWARE/MOTOR" -I"/Users/sherlockdarwin/workspace_ccstheia/MinecraftDog_mspm0/HARDWARE" -I"/Users/sherlockdarwin/workspace_ccstheia/MinecraftDog_mspm0/SYSTEM" -I"/Users/sherlockdarwin/workspace_ccstheia/MinecraftDog_mspm0" -I"/Users/sherlockdarwin/workspace_ccstheia/MinecraftDog_mspm0/Debug" -I"/Applications/ti/mspm0_sdk_2_10_00_04/source/third_party/CMSIS/Core/Include" -I"/Applications/ti/mspm0_sdk_2_10_00_04/source" -gdwarf-3 -Wall -MMD -MP -MF"task.d_raw" -MT"task.o"  @"./device.opt"  -o"task.o" "../task.c"
Finished building: "../task.c"
 
Arm Compiler - building file: "../HARDWARE/MOTOR/motor.c"
"/Applications/ti/ccs2100/ccs/tools/compiler/ti-cgt-armllvm_5.1.1.LTS/bin/tiarmclang" -c @"device.opt"  -march=thumbv6m -mcpu=cortex-m0plus -mfloat-abi=soft -mlittle-endian -mthumb -O2 -I"/Users/sherlockdarwin/workspace_ccstheia/MinecraftDog_mspm0/HARDWARE/OLED" -I"/Users/sherlockdarwin/workspace_ccstheia/MinecraftDog_mspm0/HARDWARE/UWB" -I"/Users/sherlockdarwin/workspace_ccstheia/MinecraftDog_mspm0/HARDWARE/MOTOR" -I"/Users/sherlockdarwin/workspace_ccstheia/MinecraftDog_mspm0/HARDWARE" -I"/Users/sherlockdarwin/workspace_ccstheia/MinecraftDog_mspm0/SYSTEM" -I"/Users/sherlockdarwin/workspace_ccstheia/MinecraftDog_mspm0" -I"/Users/sherlockdarwin/workspace_ccstheia/MinecraftDog_mspm0/Debug" -I"/Applications/ti/mspm0_sdk_2_10_00_04/source/third_party/CMSIS/Core/Include" -I"/Applications/ti/mspm0_sdk_2_10_00_04/source" -gdwarf-3 -Wall -MMD -MP -MF"HARDWARE/MOTOR/motor.d_raw" -MT"HARDWARE/MOTOR/motor.o"  @"./device.opt"  -o"HARDWARE/MOTOR/motor.o" "../HARDWARE/MOTOR/motor.c"
Finished building: "../HARDWARE/MOTOR/motor.c"
 
Arm Compiler - building file: "ti_msp_dl_config.c"
"/Applications/ti/ccs2100/ccs/tools/compiler/ti-cgt-armllvm_5.1.1.LTS/bin/tiarmclang" -c @"device.opt"  -march=thumbv6m -mcpu=cortex-m0plus -mfloat-abi=soft -mlittle-endian -mthumb -O2 -I"/Users/sherlockdarwin/workspace_ccstheia/MinecraftDog_mspm0/HARDWARE/OLED" -I"/Users/sherlockdarwin/workspace_ccstheia/MinecraftDog_mspm0/HARDWARE/UWB" -I"/Users/sherlockdarwin/workspace_ccstheia/MinecraftDog_mspm0/HARDWARE/MOTOR" -I"/Users/sherlockdarwin/workspace_ccstheia/MinecraftDog_mspm0/HARDWARE" -I"/Users/sherlockdarwin/workspace_ccstheia/MinecraftDog_mspm0/SYSTEM" -I"/Users/sherlockdarwin/workspace_ccstheia/MinecraftDog_mspm0" -I"/Users/sherlockdarwin/workspace_ccstheia/MinecraftDog_mspm0/Debug" -I"/Applications/ti/mspm0_sdk_2_10_00_04/source/third_party/CMSIS/Core/Include" -I"/Applications/ti/mspm0_sdk_2_10_00_04/source" -gdwarf-3 -Wall -MMD -MP -MF"ti_msp_dl_config.d_raw" -MT"ti_msp_dl_config.o"  @"./device.opt"  -o"ti_msp_dl_config.o" "ti_msp_dl_config.c"
Finished building: "ti_msp_dl_config.c"
 
Arm Compiler - building file: "../HARDWARE/UWB/uwb.c"
"/Applications/ti/ccs2100/ccs/tools/compiler/ti-cgt-armllvm_5.1.1.LTS/bin/tiarmclang" -c @"device.opt"  -march=thumbv6m -mcpu=cortex-m0plus -mfloat-abi=soft -mlittle-endian -mthumb -O2 -I"/Users/sherlockdarwin/workspace_ccstheia/MinecraftDog_mspm0/HARDWARE/OLED" -I"/Users/sherlockdarwin/workspace_ccstheia/MinecraftDog_mspm0/HARDWARE/UWB" -I"/Users/sherlockdarwin/workspace_ccstheia/MinecraftDog_mspm0/HARDWARE/MOTOR" -I"/Users/sherlockdarwin/workspace_ccstheia/MinecraftDog_mspm0/HARDWARE" -I"/Users/sherlockdarwin/workspace_ccstheia/MinecraftDog_mspm0/SYSTEM" -I"/Users/sherlockdarwin/workspace_ccstheia/MinecraftDog_mspm0" -I"/Users/sherlockdarwin/workspace_ccstheia/MinecraftDog_mspm0/Debug" -I"/Applications/ti/mspm0_sdk_2_10_00_04/source/third_party/CMSIS/Core/Include" -I"/Applications/ti/mspm0_sdk_2_10_00_04/source" -gdwarf-3 -Wall -MMD -MP -MF"HARDWARE/UWB/uwb.d_raw" -MT"HARDWARE/UWB/uwb.o"  @"./device.opt"  -o"HARDWARE/UWB/uwb.o" "../HARDWARE/UWB/uwb.c"
Finished building: "../HARDWARE/UWB/uwb.c"
 
Arm Compiler - building file: "../HARDWARE/OLED/oled_hardware_i2c.c"
"/Applications/ti/ccs2100/ccs/tools/compiler/ti-cgt-armllvm_5.1.1.LTS/bin/tiarmclang" -c @"device.opt"  -march=thumbv6m -mcpu=cortex-m0plus -mfloat-abi=soft -mlittle-endian -mthumb -O2 -I"/Users/sherlockdarwin/workspace_ccstheia/MinecraftDog_mspm0/HARDWARE/OLED" -I"/Users/sherlockdarwin/workspace_ccstheia/MinecraftDog_mspm0/HARDWARE/UWB" -I"/Users/sherlockdarwin/workspace_ccstheia/MinecraftDog_mspm0/HARDWARE/MOTOR" -I"/Users/sherlockdarwin/workspace_ccstheia/MinecraftDog_mspm0/HARDWARE" -I"/Users/sherlockdarwin/workspace_ccstheia/MinecraftDog_mspm0/SYSTEM" -I"/Users/sherlockdarwin/workspace_ccstheia/MinecraftDog_mspm0" -I"/Users/sherlockdarwin/workspace_ccstheia/MinecraftDog_mspm0/Debug" -I"/Applications/ti/mspm0_sdk_2_10_00_04/source/third_party/CMSIS/Core/Include" -I"/Applications/ti/mspm0_sdk_2_10_00_04/source" -gdwarf-3 -Wall -MMD -MP -MF"HARDWARE/OLED/oled_hardware_i2c.d_raw" -MT"HARDWARE/OLED/oled_hardware_i2c.o"  @"./device.opt"  -o"HARDWARE/OLED/oled_hardware_i2c.o" "../HARDWARE/OLED/oled_hardware_i2c.c"
Finished building: "../HARDWARE/OLED/oled_hardware_i2c.c"
 
Arm Linker - building target: "MinecraftDog_mspm0.out"
"/Applications/ti/ccs2100/ccs/tools/compiler/ti-cgt-armllvm_5.1.1.LTS/bin/tiarmclang" @"device.opt"  -march=thumbv6m -mcpu=cortex-m0plus -mfloat-abi=soft -mlittle-endian -mthumb -O2 -gdwarf-3 -Wall -Wl,-m"MinecraftDog_mspm0.map" -Wl,-i"/Applications/ti/mspm0_sdk_2_10_00_04/source" -Wl,-i"/Users/sherlockdarwin/workspace_ccstheia/MinecraftDog_mspm0" -Wl,-i"/Users/sherlockdarwin/workspace_ccstheia/MinecraftDog_mspm0/Debug/syscfg" -Wl,-i"/Applications/ti/ccs2100/ccs/tools/compiler/ti-cgt-armllvm_5.1.1.LTS/lib" -Wl,--diag_wrap=off -Wl,--display_error_number -Wl,--warn_sections -Wl,--xml_link_info="MinecraftDog_mspm0_linkInfo.xml" -Wl,--rom_model -o "MinecraftDog_mspm0.out" "./empty.o" "./ti_msp_dl_config.o" "./startup_mspm0g350x_ticlang.o" "./task.o" "./ALGORITHM/follow.o" "./HARDWARE/KEY/key.o" "./HARDWARE/MLK/fpgamlk.o" "./HARDWARE/MOTOR/encoder.o" "./HARDWARE/MOTOR/motor.o" "./HARDWARE/OLED/oled_hardware_i2c.o" "./HARDWARE/UWB/uwb.o" "./SYSTEM/bsp.o" "./SYSTEM/delay.o" -Wl,-l"./device_linker.cmd"  -Wl,-ldevice.cmd.genlibs -Wl,-llibc.a 
Finished building target: "MinecraftDog_mspm0.out"
 
**** Build finished ****

